../Core/Src/main.c:71:6:PWM_Init	4	static
../Core/Src/main.c:91:6:Direction_Init	4	static
../Core/Src/main.c:101:6:Encoder_Init	4	static
../Core/Src/main.c:133:6:MX_USART1_UART_Init	8	static
../Core/Src/main.c:168:6:Process_Command	24	static
../Core/Src/main.c:212:6:HAL_UART_RxCpltCallback	24	static
../Core/Src/main.c:256:5:main	120	static
../Core/Src/main.c:345:6:SystemClock_Config	88	static
../Core/Src/main.c:386:13:MX_USART2_UART_Init	8	static
../Core/Src/main.c:407:13:MX_GPIO_Init	48	static
../Core/Src/main.c:434:6:Error_Handler	4	static,ignoring_inline_asm
